# golden for reference/Bund/examples/graph_algorithms/more_complex_graph_shortpath.bund
# captured by `cargo xtask golden` from reference/Bund via target/oracle
# normalised: id and stamp (F14), dict member order (F15), ANSI stripped
# verified: two oracle runs produced identical output
## exit
0
## output
Shortest path from A -> H
Weight: 5.0
Path: [ A ::  B ::  E ::  G ::  H :: ]
╭╮
╰╯
╭╮
╰╯
