# golden for reference/Bund/examples/graph_algorithms/simple_graph_shortpath.bund
# captured by `cargo xtask golden` from reference/Bund via target/oracle
# normalised: id and stamp (F14), dict member order (F15), ANSI stripped
# verified: two oracle runs produced identical output
# regenerated with --accept, reason: capture epilogue now visits named stacks; see HERMETIC.txt funnel
## exit
0
## output
Weight: 3.0
Path: [ A ::  B ::  C :: ]
╭╮
╰╯
╭╮
╰╯
