# golden for tests/probes/convert-to-dict.bund
# captured by `cargo xtask golden` from reference/Bund via target/oracle
# normalised: id and stamp (F14), dict member order (F15), ANSI stripped
# verified: two oracle runs produced identical output
## exit
0
## output
probe: convert.to_dict, from the stack
╭──────────────────────────────────────────────────────────────────────────────────────────────────────────────────────────────────────────────────────────────────────────────────────────────────────────────────────────────────────────────────────────────────────────────────────────────────────────────────────────────────────────────────────────────────────────────────────────────────────────╮
│ Value { id: "<id>", stamp: <stamp>, dt: 26, q: 100.0, data: Matrix([[Value { id: "<id>", stamp: <stamp>, dt: 2, q: 100.0, data: I64(7), attr: [], curr: -1, tags: {} }], [Value { id: "<id>", stamp: <stamp>, dt: 2, q: 100.0, data: I64(8), attr: [], curr: -1, tags: {} }]]), attr: [], curr: -1, tags: {"stack": "main"} } │
╰──────────────────────────────────────────────────────────────────────────────────────────────────────────────────────────────────────────────────────────────────────────────────────────────────────────────────────────────────────────────────────────────────────────────────────────────────────────────────────────────────────────────────────────────────────────────────────────────────────────╯
probe: convert.to_dict., from the workbench and back to it
╭──────────────────────────────────────────────────────────────────────────────────────────────────────────────────────────────────────────────────────────────────────────────────────────────────────────────────────────────────────────────────────────────────────────────────────────────────────────────────────────────────────────────────────────────────────────────────────────────────────────╮
│ Value { id: "<id>", stamp: <stamp>, dt: 26, q: 100.0, data: Matrix([[Value { id: "<id>", stamp: <stamp>, dt: 2, q: 100.0, data: I64(7), attr: [], curr: -1, tags: {} }], [Value { id: "<id>", stamp: <stamp>, dt: 2, q: 100.0, data: I64(8), attr: [], curr: -1, tags: {} }]]), attr: [], curr: -1, tags: {"stack": "main"} } │
╰──────────────────────────────────────────────────────────────────────────────────────────────────────────────────────────────────────────────────────────────────────────────────────────────────────────────────────────────────────────────────────────────────────────────────────────────────────────────────────────────────────────────────────────────────────────────────────────────────────────╯
probe: convert.to_matrix on the same input — the control, agreeing
╭──────────────────────────────────────────────────────────────────────────────────────────────────────────────────────────────────────────────────────────────────────────────────────────────────────────────────────────────────────────────────────────────────────────────────────────────────────────────────────────────────────────────────────────────────────────────────────────────────────────╮
│ Value { id: "<id>", stamp: <stamp>, dt: 26, q: 100.0, data: Matrix([[Value { id: "<id>", stamp: <stamp>, dt: 2, q: 100.0, data: I64(7), attr: [], curr: -1, tags: {} }], [Value { id: "<id>", stamp: <stamp>, dt: 2, q: 100.0, data: I64(8), attr: [], curr: -1, tags: {} }]]), attr: [], curr: -1, tags: {"stack": "main"} } │
╰──────────────────────────────────────────────────────────────────────────────────────────────────────────────────────────────────────────────────────────────────────────────────────────────────────────────────────────────────────────────────────────────────────────────────────────────────────────────────────────────────────────────────────────────────────────────────────────────────────────╯
╭╮
╰╯
╭╮
╰╯
