# golden for tests/probes/convert-table.bund
# captured by `cargo xtask golden` from reference/Bund via target/oracle
# normalised: id and stamp (F14), dict member order (F15), ANSI stripped
# verified: two oracle runs produced identical output
## exit
0
## output
1
-7
1.0
3.14
true
hi
NODATA
`(dup)
true
false
false
true
false
42
3.5
3
1
0.0
[ 7 :: ]
false
true
false
true
╭╮
╰╯
╭╮
╰╯
