# golden for tests/probes/eq-asymmetry.bund
# captured by `cargo xtask golden` from reference/Bund via target/oracle
# normalised: id and stamp (F14), dict member order (F15), ANSI stripped
# verified: two oracle runs produced identical output
## exit
0
## output
probe: the asymmetry itself
  int on top -> I64.eq(F64), truncates the float ->
true
  float on top -> F64.eq(I64), widens the int    ->
false
probe: truncation is not transitive
  42 == 42.5 ->
true
  42 == 42.9 ->
true
  42.5 == 42.9 ->
false
probe: above 2^53, both directions, so both are pinned
  int on top, truncating  (2^53+1).eq(2^53.0) ->
false
  float on top, widening  (2^53.0).eq(2^53+1) ->
true
╭╮
╰╯
╭╮
╰╯
