# golden for tests/probes/execute-arm-class.bund
# captured by `cargo xtask golden` from reference/Bund via target/oracle
# normalised: id and stamp (F14), dict member order (F15), ANSI stripped
# verified: two oracle runs produced identical output
## exit
0
## output
╭──────────┬──────────────────────────────────────────────────────────────────────────────────────────────────────────────────────────────────────────────────────────────────────────────────────────────────────────────────────────────────╮
│ Error    ┆ Attempt to evaluate value Value { id: "<id>", stamp: <stamp>, dt: 6, q: 100.0, data: String("!"), attr: [], curr: -1, tags: {} } returned error: OBJECT returns error: This Dynamic type is not string  │
├╌╌╌╌╌╌╌╌╌╌┼╌╌╌╌╌╌╌╌╌╌╌╌╌╌╌╌╌╌╌╌╌╌╌╌╌╌╌╌╌╌╌╌╌╌╌╌╌╌╌╌╌╌╌╌╌╌╌╌╌╌╌╌╌╌╌╌╌╌╌╌╌╌╌╌╌╌╌╌╌╌╌╌╌╌╌╌╌╌╌╌╌╌╌╌╌╌╌╌╌╌╌╌╌╌╌╌╌╌╌╌╌╌╌╌╌╌╌╌╌╌╌╌╌╌╌╌╌╌╌╌╌╌╌╌╌╌╌╌╌╌╌╌╌╌╌╌╌╌╌╌╌╌╌╌╌╌╌╌╌╌╌╌╌╌╌╌╌╌╌╌╌╌╌╌╌╌╌╌╌╌╌╌╌╌╌╌╌╌╌╌╌╌╌╌╌╌╌╌╌╌╌╌╌╌╌╌╌╌╌╌╌╌╌╌╌╌╌╌╌╌╌╌╌╌╌╌╌╌╌╌╌╌╌╌╌╌┤
│ Location ┆ /Users/gandalf/.cargo/registry/src/index.crates.io-1949cf8c6b5b557f/rust_multistackvm-0.38.0/src/stdlib/bund_object.rs:180:21                                                                                                    │
╰──────────┴──────────────────────────────────────────────────────────────────────────────────────────────────────────────────────────────────────────────────────────────────────────────────────────────────────────────────────────────────╯
[BUND]  Content of the stack
╭────────────────────────────────────────────────────────────────────────────────────────────────────────────────────────────────────────────────────╮
│ Value { id: "<id>", stamp: <stamp>, dt: 4, q: 100.0, data: String("Probe"), attr: [], curr: -1, tags: {"stack": "main"} } │
╰────────────────────────────────────────────────────────────────────────────────────────────────────────────────────────────────────────────────────╯
