# golden for tests/probes/list-words-other-kinds.bund
# captured by `cargo xtask golden` from reference/Bund via target/oracle
# normalised: id and stamp (F14), dict member order (F15), ANSI stripped
# verified: two oracle runs produced identical output
## exit
0
## output
2
s
Pair
3
[ 1 ::  2 :: ]
[ 1 ::  2 :: ]
[ [ 3 ::  4 :: ] :: ]
[ 3 ::  1 ::  2 :: ]
[ 3 ::  1 ::  2 :: ]
s
1
1
128
3
Matrix
2
[ 4 ::  3 :: ]
2
1
[ [ 9 :: ] :: ]
╭╮
╰╯
╭╮
╰╯
