# golden for tests/probes/negated-conditionals.bund
# captured by `cargo xtask golden` from reference/Bund via target/oracle
# normalised: id and stamp (F14), dict member order (F15), ANSI stripped
# verified: two oracle runs produced identical output
## exit
0
## output
probe: notifthenelse picks as ifthenelse does
╭────────────────────────────────────────────────────────────────────────────────────────────────────────────────────────────────────────────────╮
│ Value { id: "<id>", stamp: <stamp>, dt: 4, q: 100.0, data: String("B"), attr: [], curr: -1, tags: {"stack": "main"} } │
├╌╌╌╌╌╌╌╌╌╌╌╌╌╌╌╌╌╌╌╌╌╌╌╌╌╌╌╌╌╌╌╌╌╌╌╌╌╌╌╌╌╌╌╌╌╌╌╌╌╌╌╌╌╌╌╌╌╌╌╌╌╌╌╌╌╌╌╌╌╌╌╌╌╌╌╌╌╌╌╌╌╌╌╌╌╌╌╌╌╌╌╌╌╌╌╌╌╌╌╌╌╌╌╌╌╌╌╌╌╌╌╌╌╌╌╌╌╌╌╌╌╌╌╌╌╌╌╌╌╌╌╌╌╌╌╌╌╌╌╌╌╌╌╌┤
│ Value { id: "<id>", stamp: <stamp>, dt: 4, q: 100.0, data: String("A"), attr: [], curr: -1, tags: {"stack": "main"} } │
├╌╌╌╌╌╌╌╌╌╌╌╌╌╌╌╌╌╌╌╌╌╌╌╌╌╌╌╌╌╌╌╌╌╌╌╌╌╌╌╌╌╌╌╌╌╌╌╌╌╌╌╌╌╌╌╌╌╌╌╌╌╌╌╌╌╌╌╌╌╌╌╌╌╌╌╌╌╌╌╌╌╌╌╌╌╌╌╌╌╌╌╌╌╌╌╌╌╌╌╌╌╌╌╌╌╌╌╌╌╌╌╌╌╌╌╌╌╌╌╌╌╌╌╌╌╌╌╌╌╌╌╌╌╌╌╌╌╌╌╌╌╌╌╌┤
│ Value { id: "<id>", stamp: <stamp>, dt: 4, q: 100.0, data: String("B"), attr: [], curr: -1, tags: {"stack": "main"} } │
╰────────────────────────────────────────────────────────────────────────────────────────────────────────────────────────────────────────────────╯
probe: the workbench form reads its condition from the workbench
╭────────────────────────────────────────────────────────────────────────────────────────────────────────────────────────────────────────────────╮
│ Value { id: "<id>", stamp: <stamp>, dt: 4, q: 100.0, data: String("A"), attr: [], curr: -1, tags: {"stack": "main"} } │
╰────────────────────────────────────────────────────────────────────────────────────────────────────────────────────────────────────────────────╯
probe: if.stack runs only on the named stack
on main
and by its alias
╭╮
╰╯
╭╮
╰╯
