# golden for tests/probes/oop-identity.bund
# captured by `cargo xtask golden` from reference/Bund via target/oracle
# normalised: id and stamp (F14), dict member order (F15), ANSI stripped
# verified: two oracle runs produced identical output
## exit
0
## output
probe: .id answers a String
true
probe: two instances of one class have distinct identities
true
probe: .timestamp answers a non-zero Float
true
true
╭╮
╰╯
╭╮
╰╯
╭╮
╰╯
