# golden for tests/probes/stack-navigation.bund
# captured by `cargo xtask golden` from reference/Bund via target/oracle
# normalised: id and stamp (F14), dict member order (F15), ANSI stripped
# verified: two oracle runs produced identical output
## exit
0
## output
probe: stacks_right moves around the ring
main
b
probe: the arrow alias is the same word
a
probe: stack_exists answers for present and absent names
true
false
probe: a capacity bounds the stack, discarding the newest
╭─────────────────────────────────────────────────────────────────────────────────────────────────────────────────────────────────────────────╮
│ Value { id: "<id>", stamp: <stamp>, dt: 2, q: 100.0, data: I64(1), attr: [], curr: -1, tags: {"stack": "capped"} } │
├╌╌╌╌╌╌╌╌╌╌╌╌╌╌╌╌╌╌╌╌╌╌╌╌╌╌╌╌╌╌╌╌╌╌╌╌╌╌╌╌╌╌╌╌╌╌╌╌╌╌╌╌╌╌╌╌╌╌╌╌╌╌╌╌╌╌╌╌╌╌╌╌╌╌╌╌╌╌╌╌╌╌╌╌╌╌╌╌╌╌╌╌╌╌╌╌╌╌╌╌╌╌╌╌╌╌╌╌╌╌╌╌╌╌╌╌╌╌╌╌╌╌╌╌╌╌╌╌╌╌╌╌╌╌╌╌╌╌╌╌╌┤
│ Value { id: "<id>", stamp: <stamp>, dt: 2, q: 100.0, data: I64(4), attr: [], curr: -1, tags: {"stack": "capped"} } │
╰─────────────────────────────────────────────────────────────────────────────────────────────────────────────────────────────────────────────╯
╭╮
╰╯
╭─────────────────────────────────────────────────────────────────────────────────────────────────────────────────────────────────────────────╮
│ Value { id: "<id>", stamp: <stamp>, dt: 2, q: 100.0, data: I64(1), attr: [], curr: -1, tags: {"stack": "capped"} } │
├╌╌╌╌╌╌╌╌╌╌╌╌╌╌╌╌╌╌╌╌╌╌╌╌╌╌╌╌╌╌╌╌╌╌╌╌╌╌╌╌╌╌╌╌╌╌╌╌╌╌╌╌╌╌╌╌╌╌╌╌╌╌╌╌╌╌╌╌╌╌╌╌╌╌╌╌╌╌╌╌╌╌╌╌╌╌╌╌╌╌╌╌╌╌╌╌╌╌╌╌╌╌╌╌╌╌╌╌╌╌╌╌╌╌╌╌╌╌╌╌╌╌╌╌╌╌╌╌╌╌╌╌╌╌╌╌╌╌╌╌╌┤
│ Value { id: "<id>", stamp: <stamp>, dt: 2, q: 100.0, data: I64(4), attr: [], curr: -1, tags: {"stack": "capped"} } │
╰─────────────────────────────────────────────────────────────────────────────────────────────────────────────────────────────────────────────╯
╭╮
╰╯
╭╮
╰╯
