# golden for tests/probes/valuemap-hash-eq.bund
# captured by `cargo xtask golden` from reference/Bund via target/oracle
# normalised: id and stamp (F14), dict member order (F15), ANSI stripped
# verified: two oracle runs produced identical output
## exit
0
## output
probe: valuemap, insert under k then read back with a fresh equal k
╭────────────────────────────────────────────────────────────────────────────────────────────────────────────────────────────────────────────────────────────────────────────────────────────────────────────────────────────────────────────────────────────────────────────────────────────────────────────────────────────────────────────────────────────────────────────────────────────────────────────────────────────────────────────╮
│ Value { id: "<id>", stamp: <stamp>, dt: 30, q: 100.0, data: ValueMap({Value { id: "<id>", stamp: <stamp>, dt: 4, q: 100.0, data: String("k"), attr: [], curr: -1, tags: {"stack": "main"} }: Value { id: "<id>", stamp: <stamp>, dt: 2, q: 100.0, data: I64(42), attr: [], curr: -1, tags: {"stack": "main"} }}), attr: [], curr: -1, tags: {"stack": "main"} } │
╰────────────────────────────────────────────────────────────────────────────────────────────────────────────────────────────────────────────────────────────────────────────────────────────────────────────────────────────────────────────────────────────────────────────────────────────────────────────────────────────────────────────────────────────────────────────────────────────────────────────────────────────────────────────╯
╭────────────────────────────────────────────────────────────────────────────────────────────────────────────────────────────────────────────────────────────────────────────────────────────────────────────────────────────────────────────────────────────────────────────────────────────────────────────────────────────────────────────────────────────────────────────────────────────────────────────────────────────────────────────╮
│ Value { id: "<id>", stamp: <stamp>, dt: 30, q: 100.0, data: ValueMap({Value { id: "<id>", stamp: <stamp>, dt: 4, q: 100.0, data: String("k"), attr: [], curr: -1, tags: {"stack": "main"} }: Value { id: "<id>", stamp: <stamp>, dt: 2, q: 100.0, data: I64(42), attr: [], curr: -1, tags: {"stack": "main"} }}), attr: [], curr: -1, tags: {"stack": "main"} } │
╰────────────────────────────────────────────────────────────────────────────────────────────────────────────────────────────────────────────────────────────────────────────────────────────────────────────────────────────────────────────────────────────────────────────────────────────────────────────────────────────────────────────────────────────────────────────────────────────────────────────────────────────────────────────╯
╭╮
╰╯
