# golden for reference/Bund/examples/code_snippets/context_variable_demo.bund
# captured by `cargo xtask golden` from reference/Bund via target/oracle
# normalised: id and stamp (F14), dict member order (F15), ANSI stripped
# verified: two oracle runs produced identical output
## exit
0
## output
Yes, the Answer is 42!
╭╮
╰╯
╭╮
╰╯
