# golden for reference/Bund/examples/code_snippets/textexpression_demo.bund
# captured by `cargo xtask golden` from reference/Bund via target/oracle
# normalised: id and stamp (F14), dict member order (F15), ANSI stripped
# verified: two oracle runs produced identical output
## exit
0
## output
Source string contains word '42' and matches expression 'contains 42' : true
Source string is size of 2 and matches expression 'length 2' : true
Source string is size of 2, contains only numeric letters and matches expression 'numeric and length 2' : true
Source string is size of 2, contains only numeric letters and matches expression 'numeric and length 2' : false
╭╮
╰╯
╭╮
╰╯
