# golden for reference/Bund/examples/sequence_generate_1.bund
# captured by `cargo xtask golden` from reference/Bund via target/oracle
# normalised: id and stamp (F14), dict member order (F15), ANSI stripped
# verified: two oracle runs produced identical output
# regenerated with --accept, reason: capture epilogue now visits named stacks; see HERMETIC.txt funnel
## exit
0
## output
Generated sequence is: [ 0.0 ::  0.1 ::  0.2 :: ]
╭╮
╰╯
╭╮
╰╯
